c:\users\goodw\downloads\main\comp_sci_bsc\third_year\games_engenieering\pong\build\lib\sfml\src\sfml\audio\sfml-audio.dir\debug\vc143.pdb
c:\users\goodw\downloads\main\comp_sci_bsc\third_year\games_engenieering\pong\build\lib\sfml\src\sfml\audio\sfml-audio.dir\debug\soundfilewriterogg.obj
c:\users\goodw\downloads\main\comp_sci_bsc\third_year\games_engenieering\pong\build\lib\sfml\src\sfml\audio\sfml-audio.dir\debug\soundfilewriterflac.obj
c:\users\goodw\downloads\main\comp_sci_bsc\third_year\games_engenieering\pong\build\lib\sfml\src\sfml\audio\sfml-audio.dir\debug\soundfilereaderwav.obj
c:\users\goodw\downloads\main\comp_sci_bsc\third_year\games_engenieering\pong\build\lib\sfml\src\sfml\audio\sfml-audio.dir\debug\soundfilereaderogg.obj
c:\users\goodw\downloads\main\comp_sci_bsc\third_year\games_engenieering\pong\build\lib\sfml\src\sfml\audio\sfml-audio.dir\debug\soundfilereadermp3.obj
c:\users\goodw\downloads\main\comp_sci_bsc\third_year\games_engenieering\pong\build\lib\sfml\src\sfml\audio\sfml-audio.dir\debug\soundfilereaderflac.obj
c:\users\goodw\downloads\main\comp_sci_bsc\third_year\games_engenieering\pong\build\lib\sfml\src\sfml\audio\sfml-audio.dir\debug\soundfilefactory.obj
c:\users\goodw\downloads\main\comp_sci_bsc\third_year\games_engenieering\pong\build\lib\sfml\src\sfml\audio\sfml-audio.dir\debug\soundstream.obj
c:\users\goodw\downloads\main\comp_sci_bsc\third_year\games_engenieering\pong\build\lib\sfml\src\sfml\audio\sfml-audio.dir\debug\soundsource.obj
c:\users\goodw\downloads\main\comp_sci_bsc\third_year\games_engenieering\pong\build\lib\sfml\src\sfml\audio\sfml-audio.dir\debug\soundrecorder.obj
c:\users\goodw\downloads\main\comp_sci_bsc\third_year\games_engenieering\pong\build\lib\sfml\src\sfml\audio\sfml-audio.dir\debug\outputsoundfile.obj
c:\users\goodw\downloads\main\comp_sci_bsc\third_year\games_engenieering\pong\build\lib\sfml\src\sfml\audio\sfml-audio.dir\debug\inputsoundfile.obj
c:\users\goodw\downloads\main\comp_sci_bsc\third_year\games_engenieering\pong\build\lib\sfml\src\sfml\audio\sfml-audio.dir\debug\soundbufferrecorder.obj
c:\users\goodw\downloads\main\comp_sci_bsc\third_year\games_engenieering\pong\build\lib\sfml\src\sfml\audio\sfml-audio.dir\debug\soundbuffer.obj
c:\users\goodw\downloads\main\comp_sci_bsc\third_year\games_engenieering\pong\build\lib\sfml\src\sfml\audio\sfml-audio.dir\debug\sound.obj
c:\users\goodw\downloads\main\comp_sci_bsc\third_year\games_engenieering\pong\build\lib\sfml\src\sfml\audio\sfml-audio.dir\debug\music.obj
c:\users\goodw\downloads\main\comp_sci_bsc\third_year\games_engenieering\pong\build\lib\sfml\src\sfml\audio\sfml-audio.dir\debug\listener.obj
c:\users\goodw\downloads\main\comp_sci_bsc\third_year\games_engenieering\pong\build\lib\sfml\src\sfml\audio\sfml-audio.dir\debug\audiodevice.obj
c:\users\goodw\downloads\main\comp_sci_bsc\third_year\games_engenieering\pong\build\lib\sfml\src\sfml\audio\sfml-audio.dir\debug\alresource.obj
c:\users\goodw\downloads\main\comp_sci_bsc\third_year\games_engenieering\pong\build\lib\sfml\src\sfml\audio\sfml-audio.dir\debug\alcheck.obj
c:\users\goodw\downloads\main\comp_sci_bsc\third_year\games_engenieering\pong\build\lib\sfml\src\sfml\audio\sfml-audio.dir\debug\soundfilewriterwav.obj
c:\users\goodw\downloads\main\comp_sci_bsc\third_year\games_engenieering\pong\build\lib\sfml\src\sfml\audio\cmakefiles\generate.stamp
c:\users\goodw\downloads\main\comp_sci_bsc\third_year\games_engenieering\pong\build\bin\debug\sfml-audio-d-2.dll
c:\users\goodw\downloads\main\comp_sci_bsc\third_year\games_engenieering\pong\build\lib\sfml\lib\debug\sfml-audio.pdb
c:\users\goodw\downloads\main\comp_sci_bsc\third_year\games_engenieering\pong\build\lib\sfml\src\sfml\audio\sfml-audio.dir\debug\sfml-audio.res
c:\users\goodw\downloads\main\comp_sci_bsc\third_year\games_engenieering\pong\build\lib\sfml\lib\debug\sfml-audio-d.lib
c:\users\goodw\downloads\main\comp_sci_bsc\third_year\games_engenieering\pong\build\lib\sfml\lib\debug\sfml-audio-d.exp
c:\users\goodw\downloads\main\comp_sci_bsc\third_year\games_engenieering\pong\build\lib\sfml\src\sfml\audio\sfml-audio.dir\debug\sfml-audio-d-2.ilk
c:\users\goodw\downloads\main\comp_sci_bsc\third_year\games_engenieering\pong\build\lib\sfml\src\sfml\audio\sfml-audio.dir\debug\sfml-audio.tlog\cl.command.1.tlog
c:\users\goodw\downloads\main\comp_sci_bsc\third_year\games_engenieering\pong\build\lib\sfml\src\sfml\audio\sfml-audio.dir\debug\sfml-audio.tlog\cl.items.tlog
c:\users\goodw\downloads\main\comp_sci_bsc\third_year\games_engenieering\pong\build\lib\sfml\src\sfml\audio\sfml-audio.dir\debug\sfml-audio.tlog\cl.read.1.tlog
c:\users\goodw\downloads\main\comp_sci_bsc\third_year\games_engenieering\pong\build\lib\sfml\src\sfml\audio\sfml-audio.dir\debug\sfml-audio.tlog\cl.write.1.tlog
c:\users\goodw\downloads\main\comp_sci_bsc\third_year\games_engenieering\pong\build\lib\sfml\src\sfml\audio\sfml-audio.dir\debug\sfml-audio.tlog\custombuild.command.1.tlog
c:\users\goodw\downloads\main\comp_sci_bsc\third_year\games_engenieering\pong\build\lib\sfml\src\sfml\audio\sfml-audio.dir\debug\sfml-audio.tlog\custombuild.read.1.tlog
c:\users\goodw\downloads\main\comp_sci_bsc\third_year\games_engenieering\pong\build\lib\sfml\src\sfml\audio\sfml-audio.dir\debug\sfml-audio.tlog\custombuild.write.1.tlog
c:\users\goodw\downloads\main\comp_sci_bsc\third_year\games_engenieering\pong\build\lib\sfml\src\sfml\audio\sfml-audio.dir\debug\sfml-audio.tlog\link.command.1.tlog
c:\users\goodw\downloads\main\comp_sci_bsc\third_year\games_engenieering\pong\build\lib\sfml\src\sfml\audio\sfml-audio.dir\debug\sfml-audio.tlog\link.read.1.tlog
c:\users\goodw\downloads\main\comp_sci_bsc\third_year\games_engenieering\pong\build\lib\sfml\src\sfml\audio\sfml-audio.dir\debug\sfml-audio.tlog\link.secondary.1.tlog
c:\users\goodw\downloads\main\comp_sci_bsc\third_year\games_engenieering\pong\build\lib\sfml\src\sfml\audio\sfml-audio.dir\debug\sfml-audio.tlog\link.write.1.tlog
c:\users\goodw\downloads\main\comp_sci_bsc\third_year\games_engenieering\pong\build\lib\sfml\src\sfml\audio\sfml-audio.dir\debug\sfml-audio.tlog\rc.command.1.tlog
c:\users\goodw\downloads\main\comp_sci_bsc\third_year\games_engenieering\pong\build\lib\sfml\src\sfml\audio\sfml-audio.dir\debug\sfml-audio.tlog\rc.read.1.tlog
c:\users\goodw\downloads\main\comp_sci_bsc\third_year\games_engenieering\pong\build\lib\sfml\src\sfml\audio\sfml-audio.dir\debug\sfml-audio.tlog\rc.write.1.tlog
