c:\users\goodw\downloads\main\comp_sci_bsc\third_year\games_engenieering\pong\build\lib\sfml\src\sfml\network\sfml-network.dir\debug\vc143.pdb
c:\users\goodw\downloads\main\comp_sci_bsc\third_year\games_engenieering\pong\build\lib\sfml\src\sfml\network\sfml-network.dir\debug\socketimpl.obj
c:\users\goodw\downloads\main\comp_sci_bsc\third_year\games_engenieering\pong\build\lib\sfml\src\sfml\network\sfml-network.dir\debug\udpsocket.obj
c:\users\goodw\downloads\main\comp_sci_bsc\third_year\games_engenieering\pong\build\lib\sfml\src\sfml\network\sfml-network.dir\debug\tcpsocket.obj
c:\users\goodw\downloads\main\comp_sci_bsc\third_year\games_engenieering\pong\build\lib\sfml\src\sfml\network\sfml-network.dir\debug\tcplistener.obj
c:\users\goodw\downloads\main\comp_sci_bsc\third_year\games_engenieering\pong\build\lib\sfml\src\sfml\network\sfml-network.dir\debug\socketselector.obj
c:\users\goodw\downloads\main\comp_sci_bsc\third_year\games_engenieering\pong\build\lib\sfml\src\sfml\network\sfml-network.dir\debug\socket.obj
c:\users\goodw\downloads\main\comp_sci_bsc\third_year\games_engenieering\pong\build\lib\sfml\src\sfml\network\sfml-network.dir\debug\packet.obj
c:\users\goodw\downloads\main\comp_sci_bsc\third_year\games_engenieering\pong\build\lib\sfml\src\sfml\network\sfml-network.dir\debug\ipaddress.obj
c:\users\goodw\downloads\main\comp_sci_bsc\third_year\games_engenieering\pong\build\lib\sfml\src\sfml\network\sfml-network.dir\debug\http.obj
c:\users\goodw\downloads\main\comp_sci_bsc\third_year\games_engenieering\pong\build\lib\sfml\src\sfml\network\sfml-network.dir\debug\ftp.obj
c:\users\goodw\downloads\main\comp_sci_bsc\third_year\games_engenieering\pong\build\lib\sfml\src\sfml\network\cmakefiles\generate.stamp
c:\users\goodw\downloads\main\comp_sci_bsc\third_year\games_engenieering\pong\build\bin\debug\sfml-network-d-2.dll
c:\users\goodw\downloads\main\comp_sci_bsc\third_year\games_engenieering\pong\build\lib\sfml\lib\debug\sfml-network.pdb
c:\users\goodw\downloads\main\comp_sci_bsc\third_year\games_engenieering\pong\build\lib\sfml\src\sfml\network\sfml-network.dir\debug\sfml-network.res
c:\users\goodw\downloads\main\comp_sci_bsc\third_year\games_engenieering\pong\build\lib\sfml\lib\debug\sfml-network-d.lib
c:\users\goodw\downloads\main\comp_sci_bsc\third_year\games_engenieering\pong\build\lib\sfml\lib\debug\sfml-network-d.exp
c:\users\goodw\downloads\main\comp_sci_bsc\third_year\games_engenieering\pong\build\lib\sfml\src\sfml\network\sfml-network.dir\debug\sfml-network-d-2.ilk
c:\users\goodw\downloads\main\comp_sci_bsc\third_year\games_engenieering\pong\build\lib\sfml\src\sfml\network\sfml-network.dir\debug\sfml-network.tlog\cl.command.1.tlog
c:\users\goodw\downloads\main\comp_sci_bsc\third_year\games_engenieering\pong\build\lib\sfml\src\sfml\network\sfml-network.dir\debug\sfml-network.tlog\cl.items.tlog
c:\users\goodw\downloads\main\comp_sci_bsc\third_year\games_engenieering\pong\build\lib\sfml\src\sfml\network\sfml-network.dir\debug\sfml-network.tlog\cl.read.1.tlog
c:\users\goodw\downloads\main\comp_sci_bsc\third_year\games_engenieering\pong\build\lib\sfml\src\sfml\network\sfml-network.dir\debug\sfml-network.tlog\cl.write.1.tlog
c:\users\goodw\downloads\main\comp_sci_bsc\third_year\games_engenieering\pong\build\lib\sfml\src\sfml\network\sfml-network.dir\debug\sfml-network.tlog\custombuild.command.1.tlog
c:\users\goodw\downloads\main\comp_sci_bsc\third_year\games_engenieering\pong\build\lib\sfml\src\sfml\network\sfml-network.dir\debug\sfml-network.tlog\custombuild.read.1.tlog
c:\users\goodw\downloads\main\comp_sci_bsc\third_year\games_engenieering\pong\build\lib\sfml\src\sfml\network\sfml-network.dir\debug\sfml-network.tlog\custombuild.write.1.tlog
c:\users\goodw\downloads\main\comp_sci_bsc\third_year\games_engenieering\pong\build\lib\sfml\src\sfml\network\sfml-network.dir\debug\sfml-network.tlog\link.command.1.tlog
c:\users\goodw\downloads\main\comp_sci_bsc\third_year\games_engenieering\pong\build\lib\sfml\src\sfml\network\sfml-network.dir\debug\sfml-network.tlog\link.read.1.tlog
c:\users\goodw\downloads\main\comp_sci_bsc\third_year\games_engenieering\pong\build\lib\sfml\src\sfml\network\sfml-network.dir\debug\sfml-network.tlog\link.secondary.1.tlog
c:\users\goodw\downloads\main\comp_sci_bsc\third_year\games_engenieering\pong\build\lib\sfml\src\sfml\network\sfml-network.dir\debug\sfml-network.tlog\link.write.1.tlog
c:\users\goodw\downloads\main\comp_sci_bsc\third_year\games_engenieering\pong\build\lib\sfml\src\sfml\network\sfml-network.dir\debug\sfml-network.tlog\rc.command.1.tlog
c:\users\goodw\downloads\main\comp_sci_bsc\third_year\games_engenieering\pong\build\lib\sfml\src\sfml\network\sfml-network.dir\debug\sfml-network.tlog\rc.read.1.tlog
c:\users\goodw\downloads\main\comp_sci_bsc\third_year\games_engenieering\pong\build\lib\sfml\src\sfml\network\sfml-network.dir\debug\sfml-network.tlog\rc.write.1.tlog
